d:\opengl_learning\opengl_learning\opengl_learning\x64\release\vc143.pdb
d:\opengl_learning\opengl_learning\opengl_learning\x64\release\imgui_impl_opengl3.obj
d:\opengl_learning\opengl_learning\opengl_learning\x64\release\imgui_impl_glfw.obj
d:\opengl_learning\opengl_learning\opengl_learning\x64\release\imgui_widgets.obj
d:\opengl_learning\opengl_learning\opengl_learning\x64\release\imgui_tables.obj
d:\opengl_learning\opengl_learning\opengl_learning\x64\release\imgui_draw.obj
d:\opengl_learning\opengl_learning\opengl_learning\x64\release\imgui.obj
d:\opengl_learning\opengl_learning\opengl_learning\x64\release\main.obj
d:\opengl_learning\opengl_learning\x64\release\opengl_learning.exe
d:\opengl_learning\opengl_learning\x64\release\opengl_learning.pdb
d:\opengl_learning\opengl_learning\opengl_learning\x64\release\opengl_learning.ipdb
d:\opengl_learning\opengl_learning\opengl_learning\x64\release\opengl_learning.iobj
d:\opengl_learning\opengl_learning\opengl_learning\x64\release\opengl_learning.tlog\cl.command.1.tlog
d:\opengl_learning\opengl_learning\opengl_learning\x64\release\opengl_learning.tlog\cl.items.tlog
d:\opengl_learning\opengl_learning\opengl_learning\x64\release\opengl_learning.tlog\cl.read.1.tlog
d:\opengl_learning\opengl_learning\opengl_learning\x64\release\opengl_learning.tlog\cl.write.1.tlog
d:\opengl_learning\opengl_learning\opengl_learning\x64\release\opengl_learning.tlog\link.command.1.tlog
d:\opengl_learning\opengl_learning\opengl_learning\x64\release\opengl_learning.tlog\link.read.1.tlog
d:\opengl_learning\opengl_learning\opengl_learning\x64\release\opengl_learning.tlog\link.secondary.1.tlog
d:\opengl_learning\opengl_learning\opengl_learning\x64\release\opengl_learning.tlog\link.write.1.tlog
